// Jest Snapshot v1, https://goo.gl/fbAQLP

exports[`check if spinner renders correclty 1`] = `
Object {
  "asFragment": [Function],
  "baseElement": <body>
    <div>
        <div
            class="core-layout__viewport container-fluid"
        >
            <div
                class="loader"
            >
                <ul>
                    <li>
                        <span />
                    </li>
                    <li>
                        <span />
                    </li>
                    <li>
                        <span />
                    </li>
                    <li>
                        <span />
                    </li>
                    <li>
                        <span />
                    </li>
                    <li>
                        <span />
                    </li>
                    <li>
                        <span />
                    </li>
                    <li>
                        <span />
                    </li>
                    <li>
                        <span />
                    </li>
                    <li>
                        <span />
                    </li>
                    <li>
                        <span />
                    </li>
                    <li>
                        <span />
                    </li>
                </ul>
            </div>
        </div>
    </div>
</body>,
  "container": <div>
    <div
        class="core-layout__viewport container-fluid"
    >
        <div
            class="loader"
        >
            <ul>
                <li>
                    <span />
                </li>
                <li>
                    <span />
                </li>
                <li>
                    <span />
                </li>
                <li>
                    <span />
                </li>
                <li>
                    <span />
                </li>
                <li>
                    <span />
                </li>
                <li>
                    <span />
                </li>
                <li>
                    <span />
                </li>
                <li>
                    <span />
                </li>
                <li>
                    <span />
                </li>
                <li>
                    <span />
                </li>
                <li>
                    <span />
                </li>
            </ul>
        </div>
    </div>
</div>,
  "debug": [Function],
  "findAllByAltText": [Function],
  "findAllByDisplayValue": [Function],
  "findAllByLabelText": [Function],
  "findAllByPlaceholderText": [Function],
  "findAllByRole": [Function],
  "findAllByTestId": [Function],
  "findAllByText": [Function],
  "findAllByTitle": [Function],
  "findByAltText": [Function],
  "findByDisplayValue": [Function],
  "findByLabelText": [Function],
  "findByPlaceholderText": [Function],
  "findByRole": [Function],
  "findByTestId": [Function],
  "findByText": [Function],
  "findByTitle": [Function],
  "getAllByAltText": [Function],
  "getAllByDisplayValue": [Function],
  "getAllByLabelText": [Function],
  "getAllByPlaceholderText": [Function],
  "getAllByRole": [Function],
  "getAllBySelectText": [Function],
  "getAllByTestId": [Function],
  "getAllByText": [Function],
  "getAllByTitle": [Function],
  "getAllByValue": [Function],
  "getByAltText": [Function],
  "getByDisplayValue": [Function],
  "getByLabelText": [Function],
  "getByPlaceholderText": [Function],
  "getByRole": [Function],
  "getBySelectText": [Function],
  "getByTestId": [Function],
  "getByText": [Function],
  "getByTitle": [Function],
  "getByValue": [Function],
  "history": Object {
    "action": "POP",
    "block": [Function],
    "canGo": [Function],
    "createHref": [Function],
    "entries": Array [
      Object {
        "hash": "",
        "key": "o093t8",
        "pathname": "/",
        "search": "",
        "state": undefined,
      },
    ],
    "go": [Function],
    "goBack": [Function],
    "goForward": [Function],
    "index": 0,
    "length": 1,
    "listen": [Function],
    "location": Object {
      "hash": "",
      "key": "o093t8",
      "pathname": "/",
      "search": "",
      "state": undefined,
    },
    "push": [Function],
    "replace": [Function],
  },
  "queryAllByAltText": [Function],
  "queryAllByDisplayValue": [Function],
  "queryAllByLabelText": [Function],
  "queryAllByPlaceholderText": [Function],
  "queryAllByRole": [Function],
  "queryAllBySelectText": [Function],
  "queryAllByTestId": [Function],
  "queryAllByText": [Function],
  "queryAllByTitle": [Function],
  "queryAllByValue": [Function],
  "queryByAltText": [Function],
  "queryByDisplayValue": [Function],
  "queryByLabelText": [Function],
  "queryByPlaceholderText": [Function],
  "queryByRole": [Function],
  "queryBySelectText": [Function],
  "queryByTestId": [Function],
  "queryByText": [Function],
  "queryByTitle": [Function],
  "queryByValue": [Function],
  "rerender": [Function],
  "unmount": [Function],
}
`;
